main.c:77:5:isFull	4	static
main.c:84:5:isEmpty	4	static
main.c:91:6:enqu	16	static
main.c:111:6:deq	8	static
main.c:122:5:clen	24	static
main.c:133:6:display	24	static
main.c:150:5:clength	24	static
main.c:164:5:main	40	static
main.c:233:6:SystemClock_Config	128	static
main.c:283:13:MX_I2C1_Init	8	static
main.c:329:13:MX_SPI1_Init	8	static
main.c:369:13:MX_USART1_UART_Init	8	static
main.c:404:13:MX_USART2_UART_Init	8	static
main.c:439:13:MX_USB_PCD_Init	8	static
main.c:470:13:MX_GPIO_Init	48	static
main.c:515:6:Error_Handler	4	static
